C:\parkerbros\space-invaders\hw\implementation\system.ngc 1449784704
C:/parkerbros/space-invaders/hw/implementation/push_buttons_5bits_wrapper.ngc 1449784647
C:/parkerbros/space-invaders/hw/implementation/slide_swtiches_8bits_wrapper.ngc 1449784647
C:/parkerbros/space-invaders/hw/implementation/rs232_uart_1_wrapper.ngc 1449784647
C:/parkerbros/space-invaders/hw/implementation/proc_sys_reset_0_wrapper.ngc 1449784647
C:/parkerbros/space-invaders/hw/implementation/clock_generator_0_wrapper.ngc 1449784680
C:/parkerbros/space-invaders/hw/implementation/axi_hdmi_0_wrapper.ngc 1449784647
C:/parkerbros/space-invaders/hw/implementation/axi_ac97_0_wrapper.ngc 1449784661
C:/parkerbros/space-invaders/hw/implementation/axi_uartlite_0_wrapper.ngc 1449784647
C:/parkerbros/space-invaders/hw/implementation/microblaze_0_ilmb_wrapper.ngc 1449784647
C:/parkerbros/space-invaders/hw/implementation/microblaze_0_dlmb_wrapper.ngc 1449784647
C:/parkerbros/space-invaders/hw/implementation/mcb_ddr2_wrapper.ngc 1449784647
C:/parkerbros/space-invaders/hw/implementation/axi4lite_0_wrapper.ngc 1449784647
C:/parkerbros/space-invaders/hw/implementation/axi4_0_wrapper.ngc 1449784647
C:/parkerbros/space-invaders/hw/implementation/microblaze_0_wrapper.ngc 1449784647
C:/parkerbros/space-invaders/hw/implementation/axi_vdma_0_wrapper.ngc 1449784647
C:/parkerbros/space-invaders/hw/implementation/axi_intc_0_wrapper.ngc 1449784647
C:/parkerbros/space-invaders/hw/implementation/microblaze_0_i_bram_ctrl_wrapper.ngc 1449784647
C:/parkerbros/space-invaders/hw/implementation/microblaze_0_d_bram_ctrl_wrapper.ngc 1449784647
C:/parkerbros/space-invaders/hw/implementation/debug_module_wrapper.ngc 1449784647
C:/parkerbros/space-invaders/hw/implementation/digilent_quadspi_cntlr_wrapper.ngc 1449784647
C:/parkerbros/space-invaders/hw/implementation/axi_timer_0_wrapper.ngc 1449784647
C:/parkerbros/space-invaders/hw/implementation/fit_timer_0_wrapper.ngc 1449784647
C:/parkerbros/space-invaders/hw/implementation/pit_0_wrapper.ngc 1449784667
C:/parkerbros/space-invaders/hw/implementation/dma_ctrl_0_wrapper.ngc 1449784676
C:/parkerbros/space-invaders/hw/implementation/microblaze_0_bram_block_wrapper.ngc 1449784647
OK
